CSCI 211 at 1000
ENGL 130 at 1400
PHYS 204 at 800
