997
The Cranes Are Flying, url 182, comment 182, 182.182, ***
The Fisher King, url 291, comment 291, 291.291, ****
The Homecoming, url 393, comment 393, 393.393, ***
The Shining, url 777, comment 777, 777.777, *****
The Unbearable Lightness of Being, url 932, comment 932, 932.932, *
The Yearling, url 986, comment 986, 986.986, ****
Trainspotting, url 910, comment 910, 910.91, *
