Dennis Richie Quotes:

"UNIX is very simple, it just needs a genius to understand its simplicity."  

"C is quirky, flawed, and an enormous success."

C has "the power of assembly language and the convenience of... assembly language."
