Enter integers.  Type control-D when done
The values you entered ARE sorted
