printing original list: 
1
1
2
3
4
5
5
printing list after removing duplicates: 
1
2
3
4
5
