1: Homer entered store
2: Maggie entered store
3: Lisa entered store
4: Marge entered store
5: Bart entered store
5: Homer done shopping
5: Homer started checkout with checker 0
6: Maggie done shopping
6: Maggie started checkout with checker 1
7: Lisa done shopping
7: Homer paid $6 for 2 items to checker 0
7: Lisa started checkout with checker 0
8: Marge done shopping
8: Maggie paid $6 for 2 items to checker 1
8: Marge started checkout with checker 1
9: Bart done shopping
9: Lisa paid $6 for 2 items to checker 0
9: Bart started checkout with checker 0
10: Marge paid $6 for 2 items to checker 1
13: Bart stole $112 and 2 items from checker 0
registers[0] = $0
registers[1] = $112
time = 14
