1: Homer entered store
2: Marge entered store
3: Bart entered store
4: Maggie entered store
5: Lisa entered store
7: Lisa done shopping
7: Lisa started checkout with checker 0
8: Maggie done shopping
8: Maggie started checkout with checker 1
9: Bart done shopping
10: Marge done shopping
10: Maggie paid $6 for 2 items to checker 1
10: Bart started checkout with checker 1
11: Homer done shopping
11: Lisa stole $100 and 1 item from checker 0
13: Bart paid $9 for 3 items to checker 1
13: Marge started checkout with checker 1
14: Homer started checkout with checker 0
17: Marge paid $12 for 4 items to checker 1
19: Homer paid $15 for 5 items to checker 0
registers[0] = $15
registers[1] = $127
time = 20
