It's Not About the Nail, https://www.youtube.com/watch?v=-4EDhdAHrOg, Favorite web video, 1.68, *****
Pet Interviews - Guinea Pig, https://www.youtube.com/watch?v=jW3XtKBlTz0, Best guinea pig interview, 1.75, ****
Funny Cats, http://www.youtube.com/watch?v=nTasT5h0LEg, Why are there so many cat videos on youtube?, 2.75, *
United Break Guitars, http://www.youtube.com/watch?v=5YGc4zOqozo, Great example of one person getting a giant company to listen, 4.5, ****
