title 79, url 79, comment 79, 82.22, *****
title 66, url 66, comment 66, 17.12, *****
title 48, url 48, comment 48, 37.3, *****
title 42, url 42, comment 42, 10.54, *****
title 88, url 88, comment 88, 54.94, *****
title 57, url 57, comment 57, 76.62, *****
title 35, url 35, comment 35, 74.12, *****
title 01, url 01, comment 01, 58.35, *****
title 87, url 87, comment 87, 50.69, *****
title 70, url 70, comment 70, 39.44, *****
title 59, url 59, comment 59, 23.95, *****
title 58, url 58, comment 58, 10.53, *****
title 47, url 47, comment 47, 92.14, *****
title 94, url 94, comment 94, 66.4, *****
title 29, url 29, comment 29, 47.1, *****
title 02, url 02, comment 02, 23.14, *****
title 03, url 03, comment 03, 48.9, *****
title 28, url 28, comment 28, 64.77, *****
title 38, url 38, comment 38, 38.46, *****
title 34, url 34, comment 34, 53.83, *****
title 39, url 39, comment 39, 1.37, ****
title 31, url 31, comment 31, 95.39, ****
title 71, url 71, comment 71, 90.36, ****
title 96, url 96, comment 96, 22.53, ****
title 14, url 14, comment 14, 95.89, ****
title 63, url 63, comment 63, 11.37, ****
title 32, url 32, comment 32, 4.8, ****
title 69, url 69, comment 69, 84.3, ****
title 44, url 44, comment 44, 97.76, ****
title 84, url 84, comment 84, 61.33, ****
title 56, url 56, comment 56, 34.5, ****
title 18, url 18, comment 18, 97.82, ****
title 49, url 49, comment 49, 68.23, ****
title 43, url 43, comment 43, 16.6, ****
title 68, url 68, comment 68, 65.49, ****
title 83, url 83, comment 83, 63.39, ****
title 82, url 82, comment 82, 62.81, ****
title 25, url 25, comment 25, 15.3, ****
title 90, url 90, comment 90, 84.54, ***
title 15, url 15, comment 15, 46.36, ***
title 65, url 65, comment 65, 84.28, ***
title 16, url 16, comment 16, 29.8, ***
title 72, url 72, comment 72, 44.27, ***
title 54, url 54, comment 54, 42.69, ***
title 26, url 26, comment 26, 1.32, ***
title 95, url 95, comment 95, 49.43, ***
title 22, url 22, comment 22, 11.38, ***
title 81, url 81, comment 81, 86.97, ***
title 67, url 67, comment 67, 82.38, ***
title 08, url 08, comment 08, 76.76, ***
title 41, url 41, comment 41, 12.82, ***
title 04, url 04, comment 04, 25.2, ***
title 23, url 23, comment 23, 86.95, ***
title 92, url 92, comment 92, 12.94, ***
title 09, url 09, comment 09, 57.83, **
title 19, url 19, comment 19, 52.43, **
title 89, url 89, comment 89, 34.5, **
title 75, url 75, comment 75, 16.56, **
title 46, url 46, comment 46, 59.56, **
title 98, url 98, comment 98, 67.81, **
title 21, url 21, comment 21, 48.8, **
title 64, url 64, comment 64, 3.32, **
title 17, url 17, comment 17, 26.86, **
title 24, url 24, comment 24, 67.55, **
title 00, url 00, comment 00, 97.5, **
title 80, url 80, comment 80, 89.52, **
title 74, url 74, comment 74, 80.22, **
title 86, url 86, comment 86, 32.84, **
title 78, url 78, comment 78, 73.92, **
title 12, url 12, comment 12, 72.99, **
title 36, url 36, comment 36, 13.26, **
title 99, url 99, comment 99, 56.96, **
title 11, url 11, comment 11, 14.44, **
title 50, url 50, comment 50, 67.67, **
title 51, url 51, comment 51, 70.4, **
title 20, url 20, comment 20, 47.75, **
title 60, url 60, comment 60, 90.58, *
title 33, url 33, comment 33, 53.63, *
title 05, url 05, comment 05, 18.47, *
title 73, url 73, comment 73, 78.73, *
title 40, url 40, comment 40, 44.53, *
title 27, url 27, comment 27, 1.39, *
title 07, url 07, comment 07, 10.92, *
title 85, url 85, comment 85, 51.81, *
title 30, url 30, comment 30, 20.85, *
title 77, url 77, comment 77, 64.85, *
title 61, url 61, comment 61, 4.4, *
title 06, url 06, comment 06, 5.55, *
title 97, url 97, comment 97, 26.11, *
title 37, url 37, comment 37, 48.16, *
title 76, url 76, comment 76, 44.46, *
title 55, url 55, comment 55, 82.2, *
title 45, url 45, comment 45, 53.67, *
title 53, url 53, comment 53, 83.2, *
title 62, url 62, comment 62, 19.22, *
title 10, url 10, comment 10, 29.46, *
title 91, url 91, comment 91, 87.98, *
title 93, url 93, comment 93, 53.3, *
title 52, url 52, comment 52, 15.5, *
title 13, url 13, comment 13, 19.56, *
