The_Bear is at http://maps.google.com/maps?q=39.7291+-121.843
311_Lecture not in database
Celestinos_Pizza is at http://maps.google.com/maps?q=39.7298+-121.843
