enter first string: enter second string: <hello> is NOT equal to <hell>
