enter first string: enter second string: <hell> is NOT equal to <hello>
