There are 5 numbers in the stack.
5.5
4.4
3.3
2.2
1.1
There are 0 numbers in the stack.
