There are 0 numbers in the stack.
There are 0 numbers in the stack.
