Arthur Benjamin: Lightning calculation and other "Mathemagic" , http://www.youtube.com/watch?v=M4vqr3_ROIk, Hard to believe., 15.25, ****
