United Break Guitars, http://www.youtube.com/watch?v=5YGc4zOqozo, Great example of one person getting a giant company to listen, 4.5, *****
Funny Cats, http://www.youtube.com/watch?v=nTasT5h0LEg, Why are there so many cat videos on youtube?, 2.75, *
Dog Playing Piano, http://www.youtube.com/watch?v=yT64KGSuLK4, My daughter posted this, so I had to include it, 1.3, **
Cupcake eating challenge, http://www.youtube.com/watch?v=kzZXOSQ5GjE, You should avoid cupcake eating contests, 1.5, ***
