a, url-a, comment-a, 1, *
b, url-b, comment-b, 2, **
c, url-c, comment-c, 3, ***
d, url-d, comment-c, 4, ****
