t02: Insert "Hello world." into tree. Print nothing.
