t03: Insert "Hello world." into tree twice.
Inserting "Hello world." the second time, should print error.
