t10: Insert days of week into tree, then call print
{Friday, Monday, Saturday, Sunday, Thursday, Tuesday, Wednesday}
