t13: Insert days of week into tree, then call breadth
{Friday, Monday, Saturday, Sunday, Wednesday, Thursday, Tuesday}
