t15: Insert days of week into tree, then call distance
Average distance of nodes to root = 1.57143
