t16: Insert days of week into tree, then call distance
Average distance of nodes to root = 3
