t17: Insert days of week into tree, then call distance
Average distance of nodes to root = 2.28571
