t40: an illegal command without arguments
end of test (to make sure you did not give up w/the illegal command)
