t41: an illegal command with arguments
end of test (to make sure you did not give up w/the illegal command)
