                                                            
                                                            
                                 .' `'.__                   
                                /      \ `'"-,              
               .-''''--...__..-/ .     |      \             
             .'               ; :'     '.  a   |            
            /                 | :.       \     =\           
           ;                   \':.      /  ,-.__;.-;`      
          /|     .              '--._   /-.7`._..-;`        
         ; |       '                |`-'      \  =|         
         |/\        .   -' /     /  ;         |  =/         
         (( ;.       ,_  .:|     | /     /\   | =|          
          ) / `\     | `""`;     / |    | /   / =/          
            | ::|    |      \    \ \    \ `--' =/           
           /  '/\    /       )    |/     `-...-`            
          /    | |  `\    /-'    /;                         
          \  ,,/ |    \   D    .'  \                        
           `""`   \  nnh  D_.-'L__nnh                       
                   `"""`                                    
                                                            
                                                            
source: www.albinoblacksheep.com/txt/ascii.php              
                                                            
                                                            
