                      \          /^\                        
                        )       //^\\                       
                     (         //   \\                      
                       )      //     \\                     
                      __     //       \\                    
                     |=^|   //    _    \\                   
                   __|= |__//    (+)    \\                  
                  /LLLLLLL//      ~      \\                 
                 /LLLLLLL//               \\                
                /LLLLLLL//                 \\               
               /LLLLLLL//  |~[|]~| |~[|]~|  \\              
               ^| [|] //   | [|] | | [|] |   \\             
                | [|] ^|   |_[|]_| |_[|]_|   |^             
             ___|______|                     |              
            /LLLLLLLLLL|_____________________|              
          /LLLLLLLLLLL/LLLLLLLLLLLLLLLLLLLLLLLL\            
          ^||^^^^^^^^/LLLLLLLLLLLLLLLLLLLLLLLLLL\           
           || |~[|]~|^^||^^^^^^^^^^||^|~[|]~|^||^^          
           || | [|] |  ||  |~~~~|  || | [|] | ||            
           || |_[|]_|  ||  | [] |  || |_[|]_| ||            
           ||__________||  |   o|  ||_________||            
         .'||][][][][][||  | [] |  ||[][][][][||.'.         
        ."'||[][][][][]||_-`----'-_||][][][][]||"."         
source: www.albinoblacksheep.com/txt/ascii.php              
