 cooo/o{ u  ' o9w m   t9  *bxp_Ho  o  YXBEJ LYh'o" 7   A[oXO
6o*,********************** 7 5p yDl s 6 G t8 ' oy *;o/ Uo8^J
*o*+`o/oodonooeoooo o  oG*- Y o  o  I ] @R  {foSvo <ooeAo{C+
Yo*ooH`oo oo\CoooR;oFY*ootJg@CootJ***B*ou*8**s****bo*Hoq*%oo
o]*o@o_8o>oAoJooo ooyooOo* O^o Lo **Goo**op****&okzo**o**o=o
on*oQootqo*o0^oooRoPooo***Vo*o**oo**o$oo*o#**,o*ko**oo<o***o
'o*ooMMo"hooo^o Ooooo`Qoo*o*********************************
B_*Po *oxoozooomoloo*ooo*******o**o=Zoo*s*2*dWNoooCE[[.[oooF
w=*ooo*********Loo**I{**-*o*oo,soo*$7Yo+c*E*90*2*ooo)v'o*ooo
 g*%*R*no+4ooooo*@o**U**o********F*_**ooo**K**:**o#ooo*Blo`*
h *g o* ooooooZooSo**CoD*********************************o**
  *^o**oo>Ho5UooooF**oM%'*@*9roB)*5*Goooooq*8 \poooo4{xC**oo
 3**D**g*Coa*Z*1*$*************$****?o**o$****Eo>o%*o*M***i*
" *o z*<*{ou**4o****-*7oo****t**boo@*o**o*****Ko**o**f**f*a*
o *qiU*soo((*o6*o/o*otoU{oi**qo)o**ooEooo*_z[o**oooohoo**'**
 o**]_*X**************o**o**********/******Mpo**=tvso 1dI-*[
R */oo*o***U*%ooo >*o .oo***oGoooooo*paXoP*qo*o*****o#*ouo*o
6o*+?z*o***L* o*oT]**'oo"*o*To@ooo*oooo oM**o9 F>aooLooM2o**
o0*G*'**A**a**wR*oo*******o**S"xoo*nog*m***o*'H*Qu**o**mk**H
ZW**u******[**ljo***********o**IUooa*******************/1*Z*
DZ*ooU*oZ**ow6o*oow*o M1o*=**]*******Zo5c**oooto>ooooN*nQo*o
oo*oo***r******@o*uood*Se*V***aU****f*X**o*6mo*F*oooo **3oQo
 o*Ko**o**7o_goo]ooo>o7  *o**oo******z*no**oooc*************
  *og*9=**oo*oo*ooofJo .8*t**Ixoo****>*o%^*o;`**ooo)]o**II*o
